{"buyOrders": [{ "id": 1, "price": 14, "quantity": 1}], "sellOrders": []}