{"sellOrders": [{"id": 1, "price": 15, "quantity": 10}], "buyOrders": []}
{"sellOrders": [{"id": 1, "price": 15, "quantity": 10}, {"id": 2, "price": 15, "quantity": 20}], "buyOrders": []}
{"sellOrders": [{"id": 1, "price": 15, "quantity": 10}], "buyOrders": []}
{"buyOrderId": 3, "sellOrderId": 1, "price": 15, "quantity": 10}
{"buyOrderId": 3, "sellOrderId": 2, "price": 15, "quantity": 20}