{"buyOrders": [{"id": 1, "price": 15, "quantity": 10}], "sellOrders": []}
{"buyOrders": [{"id": 1, "price": 15, "quantity": 10}, {"id": 2, "price": 15, "quantity": 20}], "sellOrders": []}
{"buyOrders": [{"id": 1, "price": 15, "quantity": 10}], "sellOrders": []}
{"sellOrderId": 3, "buyOrderId": 1, "price": 15, "quantity": 10}
{"sellOrderId": 3, "buyOrderId": 2, "price": 15, "quantity": 20}