{"sellOrders": [], "buyOrders": [{"id": 1, "price": 14, "quantity": 3}]}
{"sellOrders": [], "buyOrders": [{"id": 1, "price": 14, "quantity": 3}, {"id": 2, "price": 14, "quantity": 3}]}
{"sellOrders": [], "buyOrders": [{"id": 1, "price": 14, "quantity": 3}, {"id": 2, "price": 14, "quantity": 3}, {"id": 3, "price": 14, "quantity": 3}]}
{"sellOrders": [{"id": 4, "price": 14, "quantity": 4}], "buyOrders": []}
{"buyOrderId": 1, "sellOrderId": 4, "quantity": 3, "price": 14}
{"buyOrderId": 2, "sellOrderId": 4, "quantity": 3, "price": 14}
{"buyOrderId": 3, "sellOrderId": 4, "quantity": 3, "price": 14}
{"buyOrderId": 1, "sellOrderId": 4, "quantity": 3, "price": 14}
{"buyOrderId": 2, "sellOrderId": 4, "quantity": 3, "price": 14}
{"buyOrderId": 3, "sellOrderId": 4, "quantity": 3, "price": 14}
{"buyOrderId": 1, "sellOrderId": 4, "quantity": 3, "price": 14}
{"buyOrderId": 2, "sellOrderId": 4, "quantity": 3, "price": 14}
{"buyOrderId": 3, "sellOrderId": 4, "quantity": 3, "price": 14}
{"buyOrderId": 1, "sellOrderId": 4, "quantity": 3, "price": 14}
{"buyOrderId": 2, "sellOrderId": 4, "quantity": 3, "price": 14}
{"buyOrderId": 3, "sellOrderId": 4, "quantity": 3, "price": 14}
{"buyOrderId": 1, "sellOrderId": 4, "quantity": 3, "price": 14}
{"buyOrderId": 2, "sellOrderId": 4, "quantity": 3, "price": 14}
{"buyOrderId": 3, "sellOrderId": 4, "quantity": 3, "price": 14}
{"buyOrderId": 1, "sellOrderId": 4, "quantity": 3, "price": 14}
{"buyOrderId": 2, "sellOrderId": 4, "quantity": 3, "price": 14}
{"buyOrderId": 3, "sellOrderId": 4, "quantity": 3, "price": 14}
{"buyOrderId": 1, "sellOrderId": 4, "quantity": 2, "price": 14}
{"buyOrderId": 2, "sellOrderId": 4, "quantity": 2, "price": 14}
{"buyOrderId": 3, "sellOrderId": 4, "quantity": 2, "price": 14}
## jeżeli pojawi się quantity=1, to znaczy, że agresywny jest emulowany przez pasywny; tj. peak jest uwzględniany w agresywnym orderze - a nie powinien być