{"buyOrders": [], "sellOrders": [{"id": 1, "price": 14, "quantity": 20}]}
{"buyOrders": [], "sellOrders": [{"id": 1, "price": 14, "quantity": 10}]}
{"buyOrderId": 2, "sellOrderId": 1, "price": 14, "quantity": 20}
{"buyOrderId": 2, "sellOrderId": 1, "price": 14, "quantity": 20}
{"buyOrderId": 2, "sellOrderId": 1, "price": 14, "quantity": 20}
{"buyOrderId": 2, "sellOrderId": 1, "price": 14, "quantity": 20}
{"buyOrderId": 2, "sellOrderId": 1, "price": 14, "quantity": 10}
## linie 3-7: je≈ºeli price=15 zamiast 14, to nie zachodzi "zakup po korzystnej cenie"