{"buyOrders": [], "sellOrders": [{"id": 1, "price": 101, "quantity": 100}]}
{"buyOrders": [], "sellOrders": [{"id": 1, "price": 101, "quantity": 100}, {"id": 2, "price": 101, "quantity": 100}]}
{"buyOrders": [{"id": 3, "price": 102, "quantity": 100}], "sellOrders": []}
{"buyOrderId": 3, "price": 101, "quantity": 100, "sellOrderId": 1}
{"buyOrderId": 3, "price": 101, "quantity": 100, "sellOrderId": 2}
{"buyOrderId": 3, "price": 101, "quantity": 100, "sellOrderId": 1}
{"buyOrderId": 3, "price": 101, "quantity": 100, "sellOrderId": 2}
{"buyOrders": [{"id": 3, "price": 102, "quantity": 50}], "sellOrders": []}
{"buyOrderId": 3, "price": 102, "quantity": 100, "sellOrderId": 4}
{"buyOrders": [{"id": 3, "price": 102, "quantity": 50}], "sellOrders": [{"id": 5, "price": 110, "quantity": 100}]}
## linie 4-7: jeżeli price=102 zamiast 101, to nie zachodzi "zakup po korzystnej cenie"
## linia 9: jeżeli price=99 zamiast 102, to nie zachodzi "sprzedaż po korzystnej cenie"