{"sellOrders": [], "buyOrders": [{"id": 1, "price": 14, "quantity": 20}]}
{"sellOrders": [], "buyOrders": [{"id": 1, "price": 14, "quantity": 20}, {"id": 2, "price": 14, "quantity": 20}]}
{"sellOrders": [], "buyOrders": [{"id": 1, "price": 14, "quantity": 20}, {"id": 2, "price": 14, "quantity": 20}, {"id": 3, "price": 14, "quantity": 20}]}
{"sellOrders": [{"id": 4, "price": 14, "quantity": 20}], "buyOrders": []}
{"buyOrderId": 1, "sellOrderId": 4, "quantity": 20, "price": 14}
{"buyOrderId": 2, "sellOrderId": 4, "quantity": 20, "price": 14}
{"buyOrderId": 3, "sellOrderId": 4, "quantity": 20, "price": 14}