{"sellOrders": [{"id": 1, "price": 100, "quantity": 100}], "buyOrders": []}
{"buyOrderId": 1, "sellOrderId": 1, "price": 100,  "quantity": 100}
{"sellOrders": [], "buyOrders": [{"id": 1, "price": 100, "quantity": 100}]}
