{"sellOrders": [], "buyOrders": [{"id": 1, "price": 100, "quantity": 100}]}
{"buyOrderId": 1, "sellOrderId": 1, "price": 100,  "quantity": 50}
{"sellOrders": [], "buyOrders": [{"id": 1, "price": 100, "quantity": 50}]}
