{"buyOrders": [], "sellOrders": [{"id": 1, "price": 100, "quantity": 100}]}
{"buyOrders": [{"id": 1, "price": 100, "quantity": 100}], "sellOrders": []}
{"buyOrderId": 1, "sellOrderId": 1, "price": 100,  "quantity": 100}
