{"buyOrders": [{"id": 1, "price": 15, "quantity": 10}], "sellOrders": []}
{"buyOrders": [{"id": 1, "price": 15, "quantity": 10}, {"id": 2, "price": 15, "quantity": 20}], "sellOrders": []}
{"buyOrders": [{"id": 1, "price": 15, "quantity": 10}], "sellOrders": []}
{"buyOrderId": 1, "sellOrderId": 3, "price": 15,  "quantity": 10}
{"buyOrderId": 2, "sellOrderId": 3, "price": 15,  "quantity": 20}
