{"buyOrders": [{"id": 1, "price": 14, "quantity": 20}], "sellOrders": []}
{"buyOrders": [{"id": 2, "price": 16, "quantity": 3}, {"id": 1, "price": 14, "quantity": 20}], "sellOrders": []}
{"buyOrders": [{"id": 2, "price": 16, "quantity": 3}, {"id": 3, "price": 15, "quantity": 3}, {"id": 1, "price": 14, "quantity": 20}], "sellOrders": []}
{"buyOrders": [{"id": 3, "price": 15, "quantity": 1}, {"id": 1, "price": 14, "quantity": 20}], "sellOrders": []}
{"buyOrderId": 2, "sellOrderId": 4, "price": 16,  "quantity": 3}
{"buyOrderId": 2, "sellOrderId": 4, "price": 16,  "quantity": 3}
{"buyOrderId": 2, "sellOrderId": 4, "price": 16,  "quantity": 3}
{"buyOrderId": 2, "sellOrderId": 4, "price": 16,  "quantity": 3}
{"buyOrderId": 2, "sellOrderId": 4, "price": 16,  "quantity": 3}
{"buyOrderId": 2, "sellOrderId": 4, "price": 16,  "quantity": 3}
{"buyOrderId": 2, "sellOrderId": 4, "price": 16,  "quantity": 2}
{"buyOrderId": 3, "sellOrderId": 4, "price": 15,  "quantity": 3}
{"buyOrderId": 3, "sellOrderId": 4, "price": 15,  "quantity": 3}
{"buyOrderId": 3, "sellOrderId": 4, "price": 15,  "quantity": 3}
{"buyOrderId": 3, "sellOrderId": 4, "price": 15,  "quantity": 3}
{"buyOrderId": 3, "sellOrderId": 4, "price": 15,  "quantity": 3}
{"buyOrderId": 3, "sellOrderId": 4, "price": 15,  "quantity": 3}
{"buyOrderId": 3, "sellOrderId": 4, "price": 15,  "quantity": 1}
