{"buyOrders": [], "sellOrders": [{"id": 1, "price": 100, "quantity": 150}]}
{"buyOrders": [], "sellOrders": []}
{"buyOrderId": 1, "sellOrderId": 1, "price": 100,  "quantity": 150}
{"buyOrderId": 1, "sellOrderId": 1, "price": 100,  "quantity": 50}
